2026-10-09 11:10:04 LAMPORT=1 EVENT=SERVER_START CLIENT=-1
2026-10-09 11:12:28 LAMPORT=3 EVENT=REQUEST CLIENT=1
2026-10-09 11:12:28 LAMPORT=4 EVENT=GRANT CLIENT=1
2026-10-09 11:12:29 LAMPORT=9 EVENT=REQUEST CLIENT=2
2026-10-09 11:12:33 LAMPORT=15 EVENT=RELEASE CLIENT=1
2026-10-09 11:12:33 LAMPORT=16 EVENT=GRANT CLIENT=2
2026-10-09 11:12:33 LAMPORT=17 EVENT=CLIENT_DISCONNECTED CLIENT=1
2026-10-09 11:12:38 LAMPORT=25 EVENT=RELEASE CLIENT=2
2026-10-09 11:12:38 LAMPORT=26 EVENT=CLIENT_DISCONNECTED CLIENT=2
2026-10-09 11:15:26 LAMPORT=28 EVENT=REQUEST CLIENT=10
2026-10-09 11:15:26 LAMPORT=29 EVENT=GRANT CLIENT=10
2026-10-09 11:15:31 LAMPORT=38 EVENT=RELEASE CLIENT=10
2026-10-09 11:15:31 LAMPORT=39 EVENT=CLIENT_DISCONNECTED CLIENT=10
2026-10-09 11:15:36 LAMPORT=41 EVENT=REQUEST CLIENT=20
2026-10-09 11:15:36 LAMPORT=42 EVENT=GRANT CLIENT=20
2026-10-09 11:15:41 LAMPORT=51 EVENT=RELEASE CLIENT=20
2026-10-09 11:15:41 LAMPORT=52 EVENT=CLIENT_DISCONNECTED CLIENT=20
2026-10-09 11:16:01 LAMPORT=54 EVENT=REQUEST CLIENT=20
2026-10-09 11:16:01 LAMPORT=55 EVENT=GRANT CLIENT=20
2026-10-09 11:16:02 LAMPORT=59 EVENT=RECOVERY CLIENT=20
2026-10-09 11:44:00 LAMPORT=61 EVENT=REQUEST CLIENT=10
2026-10-09 11:44:00 LAMPORT=62 EVENT=GRANT CLIENT=10
2026-10-09 11:44:05 LAMPORT=71 EVENT=RELEASE CLIENT=10
2026-10-09 11:44:05 LAMPORT=72 EVENT=CLIENT_DISCONNECTED CLIENT=10
2026-10-09 11:44:09 LAMPORT=74 EVENT=REQUEST CLIENT=10
2026-10-09 11:44:09 LAMPORT=75 EVENT=GRANT CLIENT=10
2026-10-09 11:44:10 LAMPORT=79 EVENT=RECOVERY CLIENT=10
2026-10-09 11:44:12 LAMPORT=81 EVENT=REQUEST CLIENT=20
2026-10-09 11:44:12 LAMPORT=82 EVENT=GRANT CLIENT=20
2026-10-09 11:44:17 LAMPORT=91 EVENT=RELEASE CLIENT=20
2026-10-09 11:44:17 LAMPORT=92 EVENT=CLIENT_DISCONNECTED CLIENT=20
2026-10-09 11:48:49 LAMPORT=94 EVENT=REQUEST CLIENT=10
2026-10-09 11:48:49 LAMPORT=95 EVENT=GRANT CLIENT=10
2026-10-09 11:48:51 LAMPORT=99 EVENT=RECOVERY CLIENT=10
2026-10-09 11:54:00 LAMPORT=101 EVENT=REQUEST CLIENT=30
2026-10-09 11:54:00 LAMPORT=102 EVENT=GRANT CLIENT=30
2026-10-09 11:54:05 LAMPORT=111 EVENT=RELEASE CLIENT=30
2026-10-09 11:54:05 LAMPORT=112 EVENT=CLIENT_DISCONNECTED CLIENT=30
2026-10-09 11:56:43 LAMPORT=114 EVENT=REQUEST CLIENT=30
2026-10-09 11:56:43 LAMPORT=115 EVENT=GRANT CLIENT=30
2026-10-09 11:56:44 LAMPORT=116 EVENT=RECOVERY CLIENT=30
2026-10-09 11:56:49 LAMPORT=118 EVENT=REQUEST CLIENT=30
2026-10-09 11:56:49 LAMPORT=119 EVENT=GRANT CLIENT=30
2026-10-09 11:56:54 LAMPORT=128 EVENT=RELEASE CLIENT=30
2026-10-09 11:56:54 LAMPORT=129 EVENT=CLIENT_DISCONNECTED CLIENT=30
